[1m[31mERROR[39m[22m in [1m./apps/api/src/api.module.ts[39m[22m [1m[32m15:26-63[39m[22m
[1mModule [1m[31mnot found[39m[22m[1m: [1m[31mError[39m[22m[1m: Can't resolve './userrole/userrole.module' in 'C:\Users\DELL\projects\car-report\backend\apps\api\src'[39m[22m
 @ ./apps/api/src/main.ts 4:21-44

[1m[31mERROR[39m[22m in [1m./libs/shared/database/prisma/prisma.service.ts[39m[22m [1m[32m14:17-63[39m[22m
[1mModule [1m[31mnot found[39m[22m[1m: [1m[31mError[39m[22m[1m: Can't resolve '../../../../generated/prisma/client' in 'C:\Users\DELL\projects\car-report\backend\libs\shared\database\prisma'[39m[22m
 @ ./libs/shared/src/modules/user/user.service.ts 50:25-78
 @ ./apps/api/src/user/user.controller.ts 19:23-67
 @ ./apps/api/src/user/user.module.ts 11:26-54
 @ ./apps/api/src/api.module.ts 13:22-51
 @ ./apps/api/src/main.ts 4:21-44

[1m[31mERROR[39m[22m in [1m./apps/api/src/api.module.ts:6:32[39m[22m
TS2307: Cannot find module './userrole/userrole.module' or its corresponding type declarations.
  [0m [90m 4 |[39m [36mimport[39m { [33mUserModule[39m } [36mfrom[39m [32m'./user/user.module'[39m[33m;[39m
   [90m 5 |[39m [36mimport[39m { [33mRoleModule[39m } [36mfrom[39m [32m'./role/role.module'[39m[33m;[39m
  [31m[1m>[22m[39m[90m 6 |[39m [36mimport[39m { [33mUserroleModule[39m } [36mfrom[39m [32m'./userrole/userrole.module'[39m[33m;[39m
   [90m   |[39m                                [31m[1m^[22m[39m[31m[1m^[22m[39m[31m[1m^[22m[39m[31m[1m^[22m[39m[31m[1m^[22m[39m[31m[1m^[22m[39m[31m[1m^[22m[39m[31m[1m^[22m[39m[31m[1m^[22m[39m[31m[1m^[22m[39m[31m[1m^[22m[39m[31m[1m^[22m[39m[31m[1m^[22m[39m[31m[1m^[22m[39m[31m[1m^[22m[39m[31m[1m^[22m[39m[31m[1m^[22m[39m[31m[1m^[22m[39m[31m[1m^[22m[39m[31m[1m^[22m[39m[31m[1m^[22m[39m[31m[1m^[22m[39m[31m[1m^[22m[39m[31m[1m^[22m[39m[31m[1m^[22m[39m[31m[1m^[22m[39m[31m[1m^[22m[39m[31m[1m^[22m[39m
   [90m 7 |[39m
   [90m 8 |[39m [33m@[39m[33mModule[39m({
   [90m 9 |[39m   imports[33m:[39m [[33mUserModule[39m[33m,[39m [33mRoleModule[39m[33m,[39m [33mUserroleModule[39m][33m,[39m[0m

[1m[31mERROR[39m[22m in [1m./libs/shared/database/prisma/prisma.service.ts:2:30[39m[22m
TS2307: Cannot find module '../../../../generated/prisma/client' or its corresponding type declarations.
  [0m [90m 1 |[39m [36mimport[39m { [33mInjectable[39m[33m,[39m [33mOnModuleInit[39m[33m,[39m [33mOnModuleDestroy[39m } [36mfrom[39m [32m'@nestjs/common'[39m[33m;[39m
  [31m[1m>[22m[39m[90m 2 |[39m [36mimport[39m { [33mPrismaClient[39m } [36mfrom[39m [32m'../../../../generated/prisma/client'[39m[33m;[39m
   [90m   |[39m                              [31m[1m^[22m[39m[31m[1m^[22m[39m[31m[1m^[22m[39m[31m[1m^[22m[39m[31m[1m^[22m[39m[31m[1m^[22m[39m[31m[1m^[22m[39m[31m[1m^[22m[39m[31m[1m^[22m[39m[31m[1m^[22m[39m[31m[1m^[22m[39m[31m[1m^[22m[39m[31m[1m^[22m[39m[31m[1m^[22m[39m[31m[1m^[22m[39m[31m[1m^[22m[39m[31m[1m^[22m[39m[31m[1m^[22m[39m[31m[1m^[22m[39m[31m[1m^[22m[39m[31m[1m^[22m[39m[31m[1m^[22m[39m[31m[1m^[22m[39m[31m[1m^[22m[39m[31m[1m^[22m[39m[31m[1m^[22m[39m[31m[1m^[22m[39m[31m[1m^[22m[39m[31m[1m^[22m[39m[31m[1m^[22m[39m[31m[1m^[22m[39m[31m[1m^[22m[39m[31m[1m^[22m[39m[31m[1m^[22m[39m[31m[1m^[22m[39m[31m[1m^[22m[39m[31m[1m^[22m[39m
   [90m 3 |[39m
   [90m 4 |[39m [33m@[39m[33mInjectable[39m()
   [90m 5 |[39m [36mexport[39m [36mclass[39m [33mPrismaService[39m[0m

[1m[31mERROR[39m[22m in [1m./libs/shared/database/prisma/prisma.service.ts:16:16[39m[22m
TS2339: Property '$connect' does not exist on type 'PrismaService'.
  [0m [90m 14 |[39m
   [90m 15 |[39m   [36masync[39m onModuleInit() {
  [31m[1m>[22m[39m[90m 16 |[39m     [36mawait[39m [36mthis[39m[33m.[39m$connect()[33m;[39m
   [90m    |[39m                [31m[1m^[22m[39m[31m[1m^[22m[39m[31m[1m^[22m[39m[31m[1m^[22m[39m[31m[1m^[22m[39m[31m[1m^[22m[39m[31m[1m^[22m[39m[31m[1m^[22m[39m
   [90m 17 |[39m   }
   [90m 18 |[39m
   [90m 19 |[39m   [36masync[39m onModuleDestroy() {[0m

[1m[31mERROR[39m[22m in [1m./libs/shared/database/prisma/prisma.service.ts:20:16[39m[22m
TS2339: Property '$disconnect' does not exist on type 'PrismaService'.
  [0m [90m 18 |[39m
   [90m 19 |[39m   [36masync[39m onModuleDestroy() {
  [31m[1m>[22m[39m[90m 20 |[39m     [36mawait[39m [36mthis[39m[33m.[39m$disconnect()[33m;[39m
   [90m    |[39m                [31m[1m^[22m[39m[31m[1m^[22m[39m[31m[1m^[22m[39m[31m[1m^[22m[39m[31m[1m^[22m[39m[31m[1m^[22m[39m[31m[1m^[22m[39m[31m[1m^[22m[39m[31m[1m^[22m[39m[31m[1m^[22m[39m[31m[1m^[22m[39m
   [90m 21 |[39m   }
   [90m 22 |[39m
   [90m 23 |[39m   [36masync[39m cleanDatabase() {[0m

[1m[31mERROR[39m[22m in [1m./libs/shared/src/modules/role/repository/role.repository.ts:2:10[39m[22m
TS2305: Module '"@prisma/client"' has no exported member 'Role'.
  [0m [90m 1 |[39m [36mimport[39m { [33mInjectable[39m } [36mfrom[39m [32m'@nestjs/common'[39m[33m;[39m
  [31m[1m>[22m[39m[90m 2 |[39m [36mimport[39m { [33mRole[39m } [36mfrom[39m [32m'@prisma/client'[39m[33m;[39m
   [90m   |[39m          [31m[1m^[22m[39m[31m[1m^[22m[39m[31m[1m^[22m[39m[31m[1m^[22m[39m
   [90m 3 |[39m [36mimport[39m { [33mBaseRepository[39m } [36mfrom[39m [32m'@shared/common/repository/base.repository'[39m[33m;[39m
   [90m 4 |[39m [36mimport[39m { [33mPrismaService[39m } [36mfrom[39m [32m'libs/shared/database/prisma/prisma.service'[39m[33m;[39m
   [90m 5 |[39m[0m

[1m[33m2 errors have detailed information that is not shown.
Use 'stats.errorDetails: true' resp. '--stats-error-details' to show it.[39m[22m

webpack 5.103.0 compiled with [1m[31m7 errors[39m[22m in 4470 ms
